12512 11:43:20.002006 open("/proc/loadavg", O_RDONLY) = 3280
25314 11:43:27.762189 open("/home/admin/.spas_key/default", O_RDONLY) = -1 ENOENT (No such file or directory)
25314 11:43:27.762526 open("/etc/instanceInfo", O_RDONLY) = -1 ENOENT (No such file or directory)
27605 11:43:28.801749 --- SIGSEGV {si_signo=SIGSEGV, si_code=SEGV_ACCERR, si_addr=0x7f1a8d132480} ---
25110 11:43:28.802099 --- SIGSEGV {si_signo=SIGSEGV, si_code=SEGV_ACCERR, si_addr=0x7f1a8d132a00} ---
25443 11:43:30.335204 --- SIGSEGV {si_signo=SIGSEGV, si_code=SEGV_ACCERR, si_addr=0x7f1a8d132600} ---
25428 11:43:30.345658 open("/etc/hosts", O_RDONLY|O_CLOEXEC) = 3294
14836 11:43:32.610295 open("/proc/loadavg", O_RDONLY) = 3308
15239 11:43:36.124833 --- SIGSEGV {si_signo=SIGSEGV, si_code=SEGV_ACCERR, si_addr=0x7f1a8d132b00} ---
15239 11:43:36.132832 +++ exited with 0 +++
25341 11:43:37.410365 open("/etc/hosts", O_RDONLY|O_CLOEXEC) = 3309
25314 11:43:37.763078 open("/home/admin/.spas_key/default", O_RDONLY) = -1 ENOENT (No such file or directory)
25314 11:43:37.763419 open("/etc/instanceInfo", O_RDONLY) = -1 ENOENT (No such file or directory)
25444 11:43:39.000932 --- SIGSEGV {si_signo=SIGSEGV, si_code=SEGV_ACCERR, si_addr=0x7f1a8d132800} ---
25314 11:43:47.762911 open("/home/admin/.spas_key/default", O_RDONLY) = -1 ENOENT (No such file or directory)
25314 11:43:47.763913 open("/etc/instanceInfo", O_RDONLY) = -1 ENOENT (No such file or directory)
15050 11:43:49.718441 open("/proc/loadavg", O_RDONLY) = 3309
25314 11:43:57.762700 open("/home/admin/.spas_key/default", O_RDONLY) = -1 ENOENT (No such file or directory)
25314 11:43:57.762927 open("/etc/instanceInfo", O_RDONLY) = -1 ENOENT (No such file or directory)
25428 11:44:00.457267 open("/etc/hosts", O_RDONLY|O_CLOEXEC) = 3298
14934 11:44:00.923542 open("/proc/self/stat", O_RDONLY) = 3317
14934 11:44:00.924537 open("/proc/stat", O_RDONLY) = 3317
15366 11:44:00.934255 +++ exited with 0 +++
12743 11:44:01.155915 open("/proc/loadavg", O_RDONLY) = 3317
25349 11:44:07.427483 open("/etc/hosts", O_RDONLY|O_CLOEXEC) = 3318
25314 11:44:07.762522 open("/home/admin/.spas_key/default", O_RDONLY) = -1 ENOENT (No such file or directory)
25314 11:44:07.762802 open("/etc/instanceInfo", O_RDONLY) = -1 ENOENT (No such file or directory)
25314 11:44:17.763341 open("/home/admin/.spas_key/default", O_RDONLY) = -1 ENOENT (No such file or directory)
25314 11:44:17.763646 open("/etc/instanceInfo", O_RDONLY) = -1 ENOENT (No such file or directory)
14639 11:44:19.711200 open("/proc/loadavg", O_RDONLY) = 3135
25314 11:44:27.764135 open("/home/admin/.spas_key/default", O_RDONLY) = -1 ENOENT (No such file or directory)
25314 11:44:27.764448 open("/etc/instanceInfo", O_RDONLY) = -1 ENOENT (No such file or directory)
25441 11:44:30.554152 --- SIGSEGV {si_signo=SIGSEGV, si_code=SEGV_ACCERR, si_addr=0x7f1a8d132100} ---
25428 11:44:30.564699 open("/etc/hosts", O_RDONLY|O_CLOEXEC) = 3301
14433 11:44:33.257635 open("/proc/loadavg", O_RDONLY) = 3315
25337 11:44:37.654730 open("/etc/hosts", O_RDONLY|O_CLOEXEC) = 3282
25314 11:44:37.765043 open("/home/admin/.spas_key/default", O_RDONLY) = -1 ENOENT (No such file or directory)
25314 11:44:37.765428 open("/etc/instanceInfo", O_RDONLY) = -1 ENOENT (No such file or directory)
12795 11:44:47.220072 open("/proc/loadavg", O_RDONLY) = 3282
25314 11:44:47.764950 open("/home/admin/.spas_key/default", O_RDONLY) = -1 ENOENT (No such file or directory)
25314 11:44:47.765254 open("/etc/instanceInfo", O_RDONLY) = -1 ENOENT (No such file or directory)
27600 11:44:56.727635 --- SIGSEGV {si_signo=SIGSEGV, si_code=SEGV_ACCERR, si_addr=0x7f1a8d132600} ---
27600 11:44:56.734533 --- SIGSEGV {si_signo=SIGSEGV, si_code=SEGV_ACCERR, si_addr=0x7f1a8d132600} ---
11155 11:44:56.734696 --- SIGSEGV {si_signo=SIGSEGV, si_code=SEGV_ACCERR, si_addr=0x7f1a8d132a80} ---
11155 11:44:56.741514 --- SIGSEGV {si_signo=SIGSEGV, si_code=SEGV_ACCERR, si_addr=0x7f1a8d132a80} ---
27600 11:44:56.753684 --- SIGSEGV {si_signo=SIGSEGV, si_code=SEGV_ACCERR, si_addr=0x7f1a8d132600} ---
25131 11:44:56.771895 --- SIGSEGV {si_signo=SIGSEGV, si_code=SEGV_ACCERR, si_addr=0x7f1a8d132280} ---
25113 11:44:56.772058 --- SIGSEGV {si_signo=SIGSEGV, si_code=SEGV_ACCERR, si_addr=0x7f1a8d132100} ---
14981 11:44:56.776603 --- SIGSEGV {si_signo=SIGSEGV, si_code=SEGV_ACCERR, si_addr=0x7f1a8d132880} ---
25143 11:44:56.776637 --- SIGSEGV {si_signo=SIGSEGV, si_code=SEGV_ACCERR, si_addr=0x7f1a8d132280} ---
25327 11:44:56.781560 --- SIGSEGV {si_signo=SIGSEGV, si_code=SEGV_ACCERR, si_addr=0x7f1a8d132700} ---
11155 11:44:56.785867 --- SIGSEGV {si_signo=SIGSEGV, si_code=SEGV_ACCERR, si_addr=0x7f1a8d132a80} ---
27600 11:44:56.785978 --- SIGSEGV {si_signo=SIGSEGV, si_code=SEGV_ACCERR, si_addr=0x7f1a8d132600} ---
27600 11:44:56.792949 --- SIGSEGV {si_signo=SIGSEGV, si_code=SEGV_ACCERR, si_addr=0x7f1a8d133000} ---
12585 11:44:57.253088 open("/proc/loadavg", O_RDONLY) = 2129
25314 11:44:57.764776 open("/home/admin/.spas_key/default", O_RDONLY) = -1 ENOENT (No such file or directory)
25314 11:44:57.765011 open("/etc/instanceInfo", O_RDONLY) = -1 ENOENT (No such file or directory)
25428 11:45:00.672799 open("/etc/hosts", O_RDONLY|O_CLOEXEC) = 3106
14799 11:45:00.944693 open("/proc/self/stat", O_RDONLY) = 3307
14799 11:45:00.945697 open("/proc/stat", O_RDONLY) = 3307
14799 11:45:00.952911 --- SIGSEGV {si_signo=SIGSEGV, si_code=SEGV_ACCERR, si_addr=0x7f1a8d132b80} ---
15428 11:45:00.956331 +++ exited with 0 +++
12808 11:45:04.152777 +++ exited with 0 +++
25314 11:45:07.764438 open("/home/admin/.spas_key/default", O_RDONLY) = -1 ENOENT (No such file or directory)
25314 11:45:07.764669 open("/etc/instanceInfo", O_RDONLY) = -1 ENOENT (No such file or directory)
25361 11:45:07.769670 open("/etc/hosts", O_RDONLY|O_CLOEXEC) = 3066
13981 11:45:09.712754 open("/proc/loadavg", O_RDONLY) = 3309
15441 11:45:14.272339 --- SIGSEGV {si_signo=SIGSEGV, si_code=SEGV_ACCERR, si_addr=0x7f1a8d132b80} ---
25314 11:45:17.765389 open("/home/admin/.spas_key/default", O_RDONLY) = -1 ENOENT (No such file or directory)
25314 11:45:17.765699 open("/etc/instanceInfo", O_RDONLY) = -1 ENOENT (No such file or directory)
15441 11:45:19.284645 +++ exited with 0 +++
13466 11:45:20.243118 open("/proc/loadavg", O_RDONLY) = 2467
15140 11:45:26.606433 +++ exited with 0 +++
25314 11:45:27.767477 open("/home/admin/.spas_key/default", O_RDONLY) = -1 ENOENT (No such file or directory)
25314 11:45:27.767799 open("/etc/instanceInfo", O_RDONLY) = -1 ENOENT (No such file or directory)
25428 11:45:30.758487 open("/etc/hosts", O_RDONLY|O_CLOEXEC) = 3283
14963 11:45:32.391191 +++ exited with 0 +++
15167 11:45:32.714388 open("/proc/loadavg", O_RDONLY) = 3306
14965 11:45:34.132906 +++ exited with 0 +++
25105 11:45:37.009405 --- SIGSEGV {si_signo=SIGSEGV, si_code=SEGV_ACCERR, si_addr=0x7f1a8d132500} ---
25314 11:45:37.768402 open("/home/admin/.spas_key/default", O_RDONLY) = -1 ENOENT (No such file or directory)
25314 11:45:37.768893 open("/etc/instanceInfo", O_RDONLY) = -1 ENOENT (No such file or directory)
25313 11:45:39.988641 open("/etc/hosts", O_RDONLY|O_CLOEXEC) = 3084
14968 11:45:43.886267 open("/proc/loadavg", O_RDONLY) = 2129
15481 11:45:44.275226 --- SIGSEGV {si_signo=SIGSEGV, si_code=SEGV_ACCERR, si_addr=0x7f1a8d132f80} ---
27605 11:45:44.317088 --- SIGSEGV {si_signo=SIGSEGV, si_code=SEGV_ACCERR, si_addr=0x7f1a8d132480} ---
15481 11:45:44.350916 open("/etc/hosts", O_RDONLY|O_CLOEXEC) = 2129
25314 11:45:47.768747 open("/home/admin/.spas_key/default", O_RDONLY) = -1 ENOENT (No such file or directory)
25314 11:45:47.769076 open("/etc/instanceInfo", O_RDONLY) = -1 ENOENT (No such file or directory)
15481 11:45:49.365766 +++ exited with 0 +++
25314 11:45:57.770189 open("/home/admin/.spas_key/default", O_RDONLY) = -1 ENOENT (No such file or directory)
25314 11:45:57.771478 open("/etc/instanceInfo", O_RDONLY) = -1 ENOENT (No such file or directory)
11195 11:45:59.715827 open("/proc/loadavg", O_RDONLY) = 3288
25428 11:46:00.845392 open("/etc/hosts", O_RDONLY|O_CLOEXEC) = 3297
14934 11:46:00.961685 open("/proc/self/stat", O_RDONLY) = 3311
14934 11:46:00.962678 open("/proc/stat", O_RDONLY) = 3311
15496 11:46:00.996637 +++ exited with 0 +++
25314 11:46:07.771243 open("/home/admin/.spas_key/default", O_RDONLY) = -1 ENOENT (No such file or directory)
25314 11:46:07.771666 open("/etc/instanceInfo", O_RDONLY) = -1 ENOENT (No such file or directory)
25313 11:46:10.058320 open("/etc/hosts", O_RDONLY|O_CLOEXEC) = 3281
14977 11:46:16.887625 open("/proc/loadavg", O_RDONLY) = 3098
25337 11:46:17.551134 --- SIGSEGV {si_signo=SIGSEGV, si_code=SEGV_ACCERR, si_addr=0x7f1a8d132480} ---
25361 11:46:17.551269 --- SIGSEGV {si_signo=SIGSEGV, si_code=SEGV_ACCERR, si_addr=0x7f1a8d132100} ---
25314 11:46:17.772273 open("/home/admin/.spas_key/default", O_RDONLY) = -1 ENOENT (No such file or directory)
25314 11:46:17.772527 open("/etc/instanceInfo", O_RDONLY) = -1 ENOENT (No such file or directory)
12178 11:46:18.180395 --- SIGSEGV {si_signo=SIGSEGV, si_code=SEGV_ACCERR, si_addr=0x7f1a8d132e80} ---
25105 11:46:18.211620 --- SIGSEGV {si_signo=SIGSEGV, si_code=SEGV_ACCERR, si_addr=0x7f1a8d132500} ---
12178 11:46:18.226331 --- SIGSEGV {si_signo=SIGSEGV, si_code=SEGV_ACCERR, si_addr=0x7f1a8d132e80} ---
12178 11:46:18.237256 --- SIGSEGV {si_signo=SIGSEGV, si_code=SEGV_ACCERR, si_addr=0x7f1a8d132e80} ---
12178 11:46:21.103747 +++ exited with 0 +++
14981 11:46:21.386477 +++ exited with 0 +++
25314 11:46:27.773279 open("/home/admin/.spas_key/default", O_RDONLY) = -1 ENOENT (No such file or directory)
25314 11:46:27.773618 open("/etc/instanceInfo", O_RDONLY) = -1 ENOENT (No such file or directory)
25428 11:46:30.924387 open("/etc/hosts", O_RDONLY|O_CLOEXEC) = 3288
12684 11:46:35.019911 +++ exited with 0 +++
25314 11:46:37.774227 open("/home/admin/.spas_key/default", O_RDONLY) = -1 ENOENT (No such file or directory)
25314 11:46:37.774511 open("/etc/instanceInfo", O_RDONLY) = -1 ENOENT (No such file or directory)
15244 11:46:40.226772 open("/proc/loadavg", O_RDONLY) = 3308
25347 11:46:44.817047 open("/etc/hosts", O_RDONLY|O_CLOEXEC) = 2467
25314 11:46:47.774973 open("/home/admin/.spas_key/default", O_RDONLY) = -1 ENOENT (No such file or directory)
25314 11:46:47.775237 open("/etc/instanceInfo", O_RDONLY) = -1 ENOENT (No such file or directory)
2805  11:46:48.055608 --- SIGSEGV {si_signo=SIGSEGV, si_code=SEGV_ACCERR, si_addr=0x7f1a8d132b00} ---
11685 11:46:50.260714 open("/proc/loadavg", O_RDONLY) = 3104
25314 11:46:57.775155 open("/home/admin/.spas_key/default", O_RDONLY) = -1 ENOENT (No such file or directory)
25314 11:46:57.775463 open("/etc/instanceInfo", O_RDONLY) = -1 ENOENT (No such file or directory)
15559 11:47:00.980797 --- SIGSEGV {si_signo=SIGSEGV, si_code=SEGV_ACCERR, si_addr=0x7f1a8d132500} ---
15559 11:47:01.003197 open("/proc/self/stat", O_RDONLY) = 3297
25444 11:47:01.004357 --- SIGSEGV {si_signo=SIGSEGV, si_code=SEGV_ACCERR, si_addr=0x7f1a8d132800} ---
15559 11:47:01.004580 open("/proc/stat", O_RDONLY) = 3297
25428 11:47:01.012695 open("/etc/hosts", O_RDONLY|O_CLOEXEC) = 3300
25428 11:47:01.013469 --- SIGSEGV {si_signo=SIGSEGV, si_code=SEGV_ACCERR, si_addr=0x7f1a8d132880} ---
15560 11:47:01.018122 +++ exited with 0 +++
25314 11:47:07.776386 open("/home/admin/.spas_key/default", O_RDONLY) = -1 ENOENT (No such file or directory)
25314 11:47:07.776652 open("/etc/instanceInfo", O_RDONLY) = -1 ENOENT (No such file or directory)
25313 11:47:15.731639 open("/etc/hosts", O_RDONLY|O_CLOEXEC) = 3104
25314 11:47:17.777353 open("/home/admin/.spas_key/default", O_RDONLY) = -1 ENOENT (No such file or directory)
25314 11:47:17.777660 open("/etc/instanceInfo", O_RDONLY) = -1 ENOENT (No such file or directory)
14359 11:47:23.946703 open("/proc/loadavg", O_RDONLY) = 3283
25314 11:47:27.778143 open("/home/admin/.spas_key/default", O_RDONLY) = -1 ENOENT (No such file or directory)
25314 11:47:27.778442 open("/etc/instanceInfo", O_RDONLY) = -1 ENOENT (No such file or directory)
25428 11:47:31.098352 open("/etc/hosts", O_RDONLY|O_CLOEXEC) = 3297
14141 11:47:33.985099 open("/proc/loadavg", O_RDONLY) = 3314
25314 11:47:37.778884 open("/home/admin/.spas_key/default", O_RDONLY) = -1 ENOENT (No such file or directory)
25314 11:47:37.779197 open("/etc/instanceInfo", O_RDONLY) = -1 ENOENT (No such file or directory)
25361 11:47:47.553432 open("/etc/hosts", O_RDONLY|O_CLOEXEC) = 3282
25349 11:47:47.631074 --- SIGSEGV {si_signo=SIGSEGV, si_code=SEGV_ACCERR, si_addr=0x7f1a8d132680} ---
25337 11:47:47.631255 --- SIGSEGV {si_signo=SIGSEGV, si_code=SEGV_ACCERR, si_addr=0x7f1a8d132480} ---
26977 11:47:47.631371 --- SIGSEGV {si_signo=SIGSEGV, si_code=SEGV_ACCERR, si_addr=0x7f1a8d132f00} ---
25361 11:47:47.631578 --- SIGSEGV {si_signo=SIGSEGV, si_code=SEGV_ACCERR, si_addr=0x7f1a8d132100} ---
25361 11:47:47.666525 --- SIGSEGV {si_signo=SIGSEGV, si_code=SEGV_ACCERR, si_addr=0x7f1a8d132100} ---
25349 11:47:47.678545 --- SIGSEGV {si_signo=SIGSEGV, si_code=SEGV_ACCERR, si_addr=0x7f1a8d132680} ---
25337 11:47:47.678594 --- SIGSEGV {si_signo=SIGSEGV, si_code=SEGV_ACCERR, si_addr=0x7f1a8d132480} ---
25361 11:47:47.678779 --- SIGSEGV {si_signo=SIGSEGV, si_code=SEGV_ACCERR, si_addr=0x7f1a8d132100} ---
25316 11:47:47.683854 --- SIGSEGV {si_signo=SIGSEGV, si_code=SEGV_ACCERR, si_addr=0x7f1a8d132580} ---
25361 11:47:47.699721 --- SIGSEGV {si_signo=SIGSEGV, si_code=SEGV_ACCERR, si_addr=0x7f1a8d132100} ---
25349 11:47:47.699922 --- SIGSEGV {si_signo=SIGSEGV, si_code=SEGV_ACCERR, si_addr=0x7f1a8d132680} ---
25316 11:47:47.706574 --- SIGSEGV {si_signo=SIGSEGV, si_code=SEGV_ACCERR, si_addr=0x7f1a8d132580} ---
25349 11:47:47.706916 --- SIGSEGV {si_signo=SIGSEGV, si_code=SEGV_ACCERR, si_addr=0x7f1a8d132680} ---
25337 11:47:47.707093 --- SIGSEGV {si_signo=SIGSEGV, si_code=SEGV_ACCERR, si_addr=0x7f1a8d132480} ---
25361 11:47:47.707220 --- SIGSEGV {si_signo=SIGSEGV, si_code=SEGV_ACCERR, si_addr=0x7f1a8d132100} ---
25314 11:47:47.778745 open("/home/admin/.spas_key/default", O_RDONLY) = -1 ENOENT (No such file or directory)
25314 11:47:47.779028 open("/etc/instanceInfo", O_RDONLY) = -1 ENOENT (No such file or directory)
15042 11:47:48.460760 open("/proc/loadavg", O_RDONLY) = 2467
3241  11:47:51.533984 --- SIGSEGV {si_signo=SIGSEGV, si_code=SEGV_ACCERR, si_addr=0x7f1a8d132700} ---
25314 11:47:57.778524 open("/home/admin/.spas_key/default", O_RDONLY) = -1 ENOENT (No such file or directory)
25314 11:47:57.778763 open("/etc/instanceInfo", O_RDONLY) = -1 ENOENT (No such file or directory)
12743 11:47:58.505403 open("/proc/loadavg", O_RDONLY) = 2467
15559 11:48:01.008729 open("/proc/self/stat", O_RDONLY) = 3282
15559 11:48:01.009707 open("/proc/stat", O_RDONLY) = 3282
15622 11:48:01.025647 +++ exited with 0 +++
25443 11:48:01.180280 --- SIGSEGV {si_signo=SIGSEGV, si_code=SEGV_ACCERR, si_addr=0x7f1a8d132600} ---
25428 11:48:01.195303 open("/etc/hosts", O_RDONLY|O_CLOEXEC) = 3293
25314 11:48:07.779226 open("/home/admin/.spas_key/default", O_RDONLY) = -1 ENOENT (No such file or directory)
25314 11:48:07.779517 open("/etc/instanceInfo", O_RDONLY) = -1 ENOENT (No such file or directory)
12542 11:48:09.718987 open("/proc/loadavg", O_RDONLY) = 3308
14934 11:48:14.001713 +++ exited with 0 +++
25349 11:48:17.573371 open("/etc/hosts", O_RDONLY|O_CLOEXEC) = 3098
25314 11:48:17.780092 open("/home/admin/.spas_key/default", O_RDONLY) = -1 ENOENT (No such file or directory)
25314 11:48:17.780431 open("/etc/instanceInfo", O_RDONLY) = -1 ENOENT (No such file or directory)
14639 11:48:22.482101 open("/proc/loadavg", O_RDONLY) = 2467
25314 11:48:27.780010 open("/home/admin/.spas_key/default", O_RDONLY) = -1 ENOENT (No such file or directory)
25314 11:48:27.780319 open("/etc/instanceInfo", O_RDONLY) = -1 ENOENT (No such file or directory)
2096  11:48:28.982906 +++ exited with 0 +++
14838 11:48:29.057608 +++ exited with 0 +++
14799 11:48:30.979091 +++ exited with 0 +++
25428 11:48:31.289027 open("/etc/hosts", O_RDONLY|O_CLOEXEC) = 3292
25314 11:48:37.779855 open("/home/admin/.spas_key/default", O_RDONLY) = -1 ENOENT (No such file or directory)
25314 11:48:37.780162 open("/etc/instanceInfo", O_RDONLY) = -1 ENOENT (No such file or directory)
14902 11:48:40.358953 open("/proc/loadavg", O_RDONLY) = 3310
25341 11:48:47.595586 open("/etc/hosts", O_RDONLY|O_CLOEXEC) = 3098
25314 11:48:47.780269 open("/home/admin/.spas_key/default", O_RDONLY) = -1 ENOENT (No such file or directory)
25314 11:48:47.780571 open("/etc/instanceInfo", O_RDONLY) = -1 ENOENT (No such file or directory)
15671 11:48:49.285249 +++ exited with 0 +++
25314 11:48:57.781030 open("/home/admin/.spas_key/default", O_RDONLY) = -1 ENOENT (No such file or directory)
25314 11:48:57.781319 open("/etc/instanceInfo", O_RDONLY) = -1 ENOENT (No such file or directory)
14451 11:48:59.711665 open("/proc/loadavg", O_RDONLY) = 3282
15561 11:49:01.048936 open("/proc/self/stat", O_RDONLY) = 3292
15561 11:49:01.050111 open("/proc/stat", O_RDONLY) = 3292
15687 11:49:01.055421 +++ exited with 0 +++
25443 11:49:01.360077 --- SIGSEGV {si_signo=SIGSEGV, si_code=SEGV_ACCERR, si_addr=0x7f1a8d132600} ---
25428 11:49:01.381751 open("/etc/hosts", O_RDONLY|O_CLOEXEC) = 3296
25314 11:49:07.780932 open("/home/admin/.spas_key/default", O_RDONLY) = -1 ENOENT (No such file or directory)
25314 11:49:07.781222 open("/etc/instanceInfo", O_RDONLY) = -1 ENOENT (No such file or directory)
12585 11:49:10.092997 open("/proc/loadavg", O_RDONLY) = 2994
25313 11:49:17.604162 open("/etc/hosts", O_RDONLY|O_CLOEXEC) = 3135
25314 11:49:17.780756 open("/home/admin/.spas_key/default", O_RDONLY) = -1 ENOENT (No such file or directory)
25314 11:49:17.781013 open("/etc/instanceInfo", O_RDONLY) = -1 ENOENT (No such file or directory)
25314 11:49:27.780729 open("/home/admin/.spas_key/default", O_RDONLY) = -1 ENOENT (No such file or directory)
25314 11:49:27.781021 open("/etc/instanceInfo", O_RDONLY) = -1 ENOENT (No such file or directory)
13271 11:49:29.711084 open("/proc/loadavg", O_RDONLY) = 3293
25428 11:49:31.486997 open("/etc/hosts", O_RDONLY|O_CLOEXEC) = 3295
25314 11:49:37.780571 open("/home/admin/.spas_key/default", O_RDONLY) = -1 ENOENT (No such file or directory)
25314 11:49:37.780854 open("/etc/instanceInfo", O_RDONLY) = -1 ENOENT (No such file or directory)
14720 11:49:43.805521 open("/proc/loadavg", O_RDONLY) = 3292
25347 11:49:45.201446 --- SIGSEGV {si_signo=SIGSEGV, si_code=SEGV_ACCERR, si_addr=0x7f1a8d132400} ---
25313 11:49:45.211578 --- SIGSEGV {si_signo=SIGSEGV, si_code=SEGV_ACCERR, si_addr=0x7f1a8d132f00} ---
25341 11:49:45.211898 --- SIGSEGV {si_signo=SIGSEGV, si_code=SEGV_ACCERR, si_addr=0x7f1a8d132680} ---
25354 11:49:45.211998 --- SIGSEGV {si_signo=SIGSEGV, si_code=SEGV_ACCERR, si_addr=0x7f1a8d132100} ---
25347 11:49:45.219863 --- SIGSEGV {si_signo=SIGSEGV, si_code=SEGV_ACCERR, si_addr=0x7f1a8d132400} ---
25354 11:49:45.220010 --- SIGSEGV {si_signo=SIGSEGV, si_code=SEGV_ACCERR, si_addr=0x7f1a8d132100} ---
25354 11:49:45.239740 --- SIGSEGV {si_signo=SIGSEGV, si_code=SEGV_ACCERR, si_addr=0x7f1a8d132100} ---
25361 11:49:47.718747 open("/etc/hosts", O_RDONLY|O_CLOEXEC) = 2994
25314 11:49:47.780396 open("/home/admin/.spas_key/default", O_RDONLY) = -1 ENOENT (No such file or directory)
25314 11:49:47.780710 open("/etc/instanceInfo", O_RDONLY) = -1 ENOENT (No such file or directory)
15464 11:49:52.961097 --- SIGSEGV {si_signo=SIGSEGV, si_code=SEGV_ACCERR, si_addr=0x7f1a8d132480} ---
25354 11:49:55.830211 --- SIGSEGV {si_signo=SIGSEGV, si_code=SEGV_ACCERR, si_addr=0x7f1a8d132100} ---
14968 11:49:57.436528 open("/proc/loadavg", O_RDONLY) = 3280
25314 11:49:57.781349 open("/home/admin/.spas_key/default", O_RDONLY) = -1 ENOENT (No such file or directory)
25314 11:49:57.781684 open("/etc/instanceInfo", O_RDONLY) = -1 ENOENT (No such file or directory)
15464 11:50:00.127211 +++ exited with 0 +++
25347 11:50:00.833883 --- SIGSEGV {si_signo=SIGSEGV, si_code=SEGV_ACCERR, si_addr=0x7f1a8d132400} ---
15559 11:50:01.071670 open("/proc/self/stat", O_RDONLY) = 3292
15559 11:50:01.072649 open("/proc/stat", O_RDONLY) = 3292
15748 11:50:01.085709 +++ exited with 0 +++
25428 11:50:01.568008 open("/etc/hosts", O_RDONLY|O_CLOEXEC) = 3294
14741 11:50:07.484561 open("/proc/loadavg", O_RDONLY) = 3310
25314 11:50:07.782207 open("/home/admin/.spas_key/default", O_RDONLY) = -1 ENOENT (No such file or directory)
25314 11:50:07.782537 open("/etc/instanceInfo", O_RDONLY) = -1 ENOENT (No such file or directory)
25349 11:50:17.779903 open("/etc/hosts", O_RDONLY|O_CLOEXEC) = 3098
25314 11:50:17.783166 open("/home/admin/.spas_key/default", O_RDONLY) = -1 ENOENT (No such file or directory)
25314 11:50:17.783494 open("/etc/instanceInfo", O_RDONLY) = -1 ENOENT (No such file or directory)
11177 11:50:19.714200 open("/proc/loadavg", O_RDONLY) = 3106
11861 11:50:23.837721 --- SIGSEGV {si_signo=SIGSEGV, si_code=SEGV_ACCERR, si_addr=0x7f1a8d132a80} ---
25314 11:50:27.784047 open("/home/admin/.spas_key/default", O_RDONLY) = -1 ENOENT (No such file or directory)
25314 11:50:27.784479 open("/etc/instanceInfo", O_RDONLY) = -1 ENOENT (No such file or directory)
13793 11:50:30.435491 open("/proc/loadavg", O_RDONLY) = 3282
25483 11:50:31.295390 --- SIGSEGV {si_signo=SIGSEGV, si_code=SEGV_ACCERR, si_addr=0x7f1a8d132f00} ---
15790 11:50:31.378687 open("/etc/hosts", O_RDONLY|O_CLOEXEC) = 3111
25428 11:50:31.654777 open("/etc/hosts", O_RDONLY|O_CLOEXEC) = 3294
15789 11:50:36.312048 +++ exited with 0 +++
15790 11:50:36.389928 +++ exited with 0 +++
25314 11:50:37.783966 open("/home/admin/.spas_key/default", O_RDONLY) = -1 ENOENT (No such file or directory)
25314 11:50:37.784208 open("/etc/instanceInfo", O_RDONLY) = -1 ENOENT (No such file or directory)
25314 11:50:47.784917 open("/home/admin/.spas_key/default", O_RDONLY) = -1 ENOENT (No such file or directory)
25314 11:50:47.785265 open("/etc/instanceInfo", O_RDONLY) = -1 ENOENT (No such file or directory)
25361 11:50:47.796758 open("/etc/hosts", O_RDONLY|O_CLOEXEC) = 2994
13812 11:50:49.715628 open("/proc/loadavg", O_RDONLY) = 3084
25314 11:50:57.786866 open("/home/admin/.spas_key/default", O_RDONLY) = -1 ENOENT (No such file or directory)
25314 11:50:57.787588 open("/etc/instanceInfo", O_RDONLY) = -1 ENOENT (No such file or directory)
27600 11:50:58.065906 --- SIGSEGV {si_signo=SIGSEGV, si_code=SEGV_ACCERR, si_addr=0x7f1a8d132600} ---
2805  11:50:59.751500 +++ exited with 0 +++
15561 11:51:01.090843 open("/proc/self/stat", O_RDONLY) = 3279
15561 11:51:01.091846 open("/proc/stat", O_RDONLY) = 3279
15815 11:51:01.099017 +++ exited with 0 +++
25428 11:51:01.743420 open("/etc/hosts", O_RDONLY|O_CLOEXEC) = 3294
25110 11:51:03.950329 --- SIGSEGV {si_signo=SIGSEGV, si_code=SEGV_ACCERR, si_addr=0x7f1a8d132a00} ---
26977 11:51:03.950735 --- SIGSEGV {si_signo=SIGSEGV, si_code=SEGV_ACCERR, si_addr=0x7f1a8d132f00} ---
25105 11:51:03.976155 --- SIGSEGV {si_signo=SIGSEGV, si_code=SEGV_ACCERR, si_addr=0x7f1a8d132500} ---
25440 11:51:03.976515 --- SIGSEGV {si_signo=SIGSEGV, si_code=SEGV_ACCERR, si_addr=0x7f1a8d132380} ---
12487 11:51:04.167384 +++ exited with 0 +++
11685 11:51:05.812261 open("/proc/loadavg", O_RDONLY) = 2467
25314 11:51:07.787099 open("/home/admin/.spas_key/default", O_RDONLY) = -1 ENOENT (No such file or directory)
25314 11:51:07.787346 open("/etc/instanceInfo", O_RDONLY) = -1 ENOENT (No such file or directory)
27600 11:51:09.726714 --- SIGSEGV {si_signo=SIGSEGV, si_code=SEGV_ACCERR, si_addr=0x7f1a8d132600} ---
25314 11:51:17.788081 open("/home/admin/.spas_key/default", O_RDONLY) = -1 ENOENT (No such file or directory)
25314 11:51:17.788422 open("/etc/instanceInfo", O_RDONLY) = -1 ENOENT (No such file or directory)
25341 11:51:19.962755 open("/etc/hosts", O_RDONLY|O_CLOEXEC) = 2467
14121 11:51:24.253362 open("/proc/loadavg", O_RDONLY) = 3288
25314 11:51:27.788137 open("/home/admin/.spas_key/default", O_RDONLY) = -1 ENOENT (No such file or directory)
25314 11:51:27.788425 open("/etc/instanceInfo", O_RDONLY) = -1 ENOENT (No such file or directory)
10952 11:51:31.397936 --- SIGSEGV {si_signo=SIGSEGV, si_code=SEGV_ACCERR, si_addr=0x7f1a8d132600} ---
25428 11:51:31.838536 open("/etc/hosts", O_RDONLY|O_CLOEXEC) = 3298
25314 11:51:37.787908 open("/home/admin/.spas_key/default", O_RDONLY) = -1 ENOENT (No such file or directory)
25314 11:51:37.788404 open("/etc/instanceInfo", O_RDONLY) = -1 ENOENT (No such file or directory)
25314 11:51:47.787858 open("/home/admin/.spas_key/default", O_RDONLY) = -1 ENOENT (No such file or directory)
25314 11:51:47.788172 open("/etc/instanceInfo", O_RDONLY) = -1 ENOENT (No such file or directory)
25354 11:51:50.906521 open("/etc/hosts", O_RDONLY|O_CLOEXEC) = 2129
13181 11:51:51.397624 open("/proc/loadavg", O_RDONLY) = 3280
25314 11:51:57.787708 open("/home/admin/.spas_key/default", O_RDONLY) = -1 ENOENT (No such file or directory)
25314 11:51:57.788042 open("/etc/instanceInfo", O_RDONLY) = -1 ENOENT (No such file or directory)
15877 11:52:01.116363 open("/proc/self/stat", O_RDONLY) = 3282
15877 11:52:01.117382 open("/proc/stat", O_RDONLY) = 3282
15878 11:52:01.133347 --- SIGSEGV {si_signo=SIGSEGV, si_code=SEGV_ACCERR, si_addr=0x7f1a8d132780} ---
15878 11:52:01.137566 +++ exited with 0 +++
25443 11:52:01.925810 --- SIGSEGV {si_signo=SIGSEGV, si_code=SEGV_ACCERR, si_addr=0x7f1a8d132600} ---
25428 11:52:01.935830 open("/etc/hosts", O_RDONLY|O_CLOEXEC) = 3299
25314 11:52:07.787864 open("/home/admin/.spas_key/default", O_RDONLY) = -1 ENOENT (No such file or directory)
25314 11:52:07.788176 open("/etc/instanceInfo", O_RDONLY) = -1 ENOENT (No such file or directory)
25314 11:52:17.787937 open("/home/admin/.spas_key/default", O_RDONLY) = -1 ENOENT (No such file or directory)
25314 11:52:17.788277 open("/etc/instanceInfo", O_RDONLY) = -1 ENOENT (No such file or directory)
15042 11:52:23.202752 open("/proc/loadavg", O_RDONLY) = 3280
25354 11:52:25.320404 open("/etc/hosts", O_RDONLY|O_CLOEXEC) = 3066
3241  11:52:25.845657 +++ exited with 0 +++
25314 11:52:27.787708 open("/home/admin/.spas_key/default", O_RDONLY) = -1 ENOENT (No such file or directory)
25314 11:52:27.788119 open("/etc/instanceInfo", O_RDONLY) = -1 ENOENT (No such file or directory)
15666 11:52:31.834586 --- SIGSEGV {si_signo=SIGSEGV, si_code=SEGV_ACCERR, si_addr=0x7f1a8d132200} ---
15666 11:52:31.840647 +++ exited with 0 +++
25428 11:52:32.033980 open("/etc/hosts", O_RDONLY|O_CLOEXEC) = 3300
26977 11:52:36.201418 --- SIGSEGV {si_signo=SIGSEGV, si_code=SEGV_ACCERR, si_addr=0x7f1a8d132f00} ---
25444 11:52:36.201478 --- SIGSEGV {si_signo=SIGSEGV, si_code=SEGV_ACCERR, si_addr=0x7f1a8d132800} ---
25314 11:52:37.787717 open("/home/admin/.spas_key/default", O_RDONLY) = -1 ENOENT (No such file or directory)
25314 11:52:37.787990 open("/etc/instanceInfo", O_RDONLY) = -1 ENOENT (No such file or directory)
11751 11:52:43.212017 open("/proc/loadavg", O_RDONLY) = 3098
25314 11:52:47.787542 open("/home/admin/.spas_key/default", O_RDONLY) = -1 ENOENT (No such file or directory)
25314 11:52:47.787862 open("/etc/instanceInfo", O_RDONLY) = -1 ENOENT (No such file or directory)
25347 11:52:55.337077 open("/etc/hosts", O_RDONLY|O_CLOEXEC) = 3066
13441 11:52:56.822214 open("/proc/loadavg", O_RDONLY) = 3135
25314 11:52:57.787426 open("/home/admin/.spas_key/default", O_RDONLY) = -1 ENOENT (No such file or directory)
25314 11:52:57.787916 open("/etc/instanceInfo", O_RDONLY) = -1 ENOENT (No such file or directory)
15559 11:53:01.139713 open("/proc/self/stat", O_RDONLY) = 3135
15559 11:53:01.140725 open("/proc/stat", O_RDONLY) = 3135
15943 11:53:01.146198 +++ exited with 0 +++
25428 11:53:02.353903 open("/etc/hosts", O_RDONLY|O_CLOEXEC) = 3288
25314 11:53:07.787885 open("/home/admin/.spas_key/default", O_RDONLY) = -1 ENOENT (No such file or directory)
25314 11:53:07.788216 open("/etc/instanceInfo", O_RDONLY) = -1 ENOENT (No such file or directory)
15877 11:53:08.104118 +++ exited with 0 +++
15561 11:53:08.110808 +++ exited with 0 +++
14899 11:53:14.017470 open("/proc/loadavg", O_RDONLY) = 3307
25314 11:53:17.787766 open("/home/admin/.spas_key/default", O_RDONLY) = -1 ENOENT (No such file or directory)
25314 11:53:17.788066 open("/etc/instanceInfo", O_RDONLY) = -1 ENOENT (No such file or directory)
25341 11:53:25.369187 open("/etc/hosts", O_RDONLY|O_CLOEXEC) = 2467
25483 11:53:26.306304 --- SIGSEGV {si_signo=SIGSEGV, si_code=SEGV_ACCERR, si_addr=0x7f1a8d132f00} ---
15977 11:53:26.313075 --- SIGSEGV {si_signo=SIGSEGV, si_code=SEGV_ACCERR, si_addr=0x7f1a8d132b80} ---
15978 11:53:26.384704 open("/etc/hosts", O_RDONLY|O_CLOEXEC) = 3105
25314 11:53:27.787643 open("/home/admin/.spas_key/default", O_RDONLY) = -1 ENOENT (No such file or directory)
25314 11:53:27.787930 open("/etc/instanceInfo", O_RDONLY) = -1 ENOENT (No such file or directory)
12585 11:53:29.706041 open("/proc/loadavg", O_RDONLY) = 3105
15977 11:53:31.319088 +++ exited with 0 +++
15978 11:53:31.394848 +++ exited with 0 +++
25428 11:53:32.445726 open("/etc/hosts", O_RDONLY|O_CLOEXEC) = 3297
11155 11:53:35.287495 +++ exited with 0 +++
15990 11:53:37.631454 open("/etc/hosts", O_RDONLY|O_CLOEXEC) = 3065
25314 11:53:37.787467 open("/home/admin/.spas_key/default", O_RDONLY) = -1 ENOENT (No such file or directory)
25314 11:53:37.787750 open("/etc/instanceInfo", O_RDONLY) = -1 ENOENT (No such file or directory)
27605 11:53:38.873470 --- SIGSEGV {si_signo=SIGSEGV, si_code=SEGV_ACCERR, si_addr=0x7f1a8d132480} ---
15989 11:53:42.566994 +++ exited with 0 +++
15990 11:53:42.644194 +++ exited with 0 +++
15432 11:53:42.988502 open("/proc/loadavg", O_RDONLY) = 3312
25314 11:53:47.788290 open("/home/admin/.spas_key/default", O_RDONLY) = -1 ENOENT (No such file or directory)
25314 11:53:47.788583 open("/etc/instanceInfo", O_RDONLY) = -1 ENOENT (No such file or directory)
25441 11:53:54.251152 --- SIGSEGV {si_signo=SIGSEGV, si_code=SEGV_ACCERR, si_addr=0x7f1a8d132100} ---
13981 11:53:54.510195 +++ exited with 0 +++
25316 11:53:57.653346 open("/etc/hosts", O_RDONLY|O_CLOEXEC) = 2129
25314 11:53:57.789166 open("/home/admin/.spas_key/default", O_RDONLY) = -1 ENOENT (No such file or directory)
25314 11:53:57.789457 open("/etc/instanceInfo", O_RDONLY) = -1 ENOENT (No such file or directory)
14263 11:53:59.738233 open("/proc/loadavg", O_RDONLY) = 3104
15884 11:54:01.151311 open("/proc/self/stat", O_RDONLY) = 3294
15884 11:54:01.152324 open("/proc/stat", O_RDONLY) = 3294
16011 11:54:01.170354 +++ exited with 0 +++
25428 11:54:02.529453 open("/etc/hosts", O_RDONLY|O_CLOEXEC) = 3299
25347 11:54:05.098051 --- SIGSEGV {si_signo=SIGSEGV, si_code=SEGV_ACCERR, si_addr=0x7f1a8d132400} ---
25110 11:54:05.112587 --- SIGSEGV {si_signo=SIGSEGV, si_code=SEGV_ACCERR, si_addr=0x7f1a8d132a00} ---
25314 11:54:07.790120 open("/home/admin/.spas_key/default", O_RDONLY) = -1 ENOENT (No such file or directory)
25314 11:54:07.790434 open("/etc/instanceInfo", O_RDONLY) = -1 ENOENT (No such file or directory)
15472 11:54:11.289096 open("/proc/loadavg", O_RDONLY) = 3111
25314 11:54:17.790973 open("/home/admin/.spas_key/default", O_RDONLY) = -1 ENOENT (No such file or directory)
25314 11:54:17.791292 open("/etc/instanceInfo", O_RDONLY) = -1 ENOENT (No such file or directory)
15746 11:54:21.342312 open("/proc/loadavg", O_RDONLY) = 3281
15746 11:54:21.345359 --- SIGSEGV {si_signo=SIGSEGV, si_code=SEGV_ACCERR, si_addr=0x7f1a8d132c00} ---
27600 11:54:21.345503 --- SIGSEGV {si_signo=SIGSEGV, si_code=SEGV_ACCERR, si_addr=0x7f1a8d132600} ---
14968 11:54:21.413209 +++ exited with 0 +++
25314 11:54:27.791375 open("/home/admin/.spas_key/default", O_RDONLY) = -1 ENOENT (No such file or directory)
25314 11:54:27.791773 open("/etc/instanceInfo", O_RDONLY) = -1 ENOENT (No such file or directory)
25349 11:54:27.975980 open("/etc/hosts", O_RDONLY|O_CLOEXEC) = 3135
25110 11:54:28.299695 --- SIGSEGV {si_signo=SIGSEGV, si_code=SEGV_ACCERR, si_addr=0x7f1a8d133000} ---
11902 11:54:28.471122 +++ exited with 0 +++
25428 11:54:32.627214 open("/etc/hosts", O_RDONLY|O_CLOEXEC) = 3308
25314 11:54:37.792318 open("/home/admin/.spas_key/default", O_RDONLY) = -1 ENOENT (No such file or directory)
25314 11:54:37.792612 open("/etc/instanceInfo", O_RDONLY) = -1 ENOENT (No such file or directory)
14977 11:54:41.370750 open("/proc/loadavg", O_RDONLY) = 3066
25314 11:54:47.793201 open("/home/admin/.spas_key/default", O_RDONLY) = -1 ENOENT (No such file or directory)
25314 11:54:47.793480 open("/etc/instanceInfo", O_RDONLY) = -1 ENOENT (No such file or directory)
25314 11:54:57.793990 open("/home/admin/.spas_key/default", O_RDONLY) = -1 ENOENT (No such file or directory)
25314 11:54:57.794298 open("/etc/instanceInfo", O_RDONLY) = -1 ENOENT (No such file or directory)
11907 11:54:59.674390 open("/proc/loadavg", O_RDONLY) = 3294
25341 11:55:00.090371 open("/etc/hosts", O_RDONLY|O_CLOEXEC) = 2994
15559 11:55:01.176718 open("/proc/self/stat", O_RDONLY) = 3297
15559 11:55:01.177901 open("/proc/stat", O_RDONLY) = 3297
25131 11:55:01.194863 --- SIGSEGV {si_signo=SIGSEGV, si_code=SEGV_ACCERR, si_addr=0x7f1a8d132280} ---
16075 11:55:01.200739 +++ exited with 0 +++
25428 11:55:02.708011 open("/etc/hosts", O_RDONLY|O_CLOEXEC) = 3305
16080 11:55:06.177350 --- SIGSEGV {si_signo=SIGSEGV, si_code=SEGV_ACCERR, si_addr=0x7f1a8d132180} ---
25314 11:55:07.793894 open("/home/admin/.spas_key/default", O_RDONLY) = -1 ENOENT (No such file or directory)
25314 11:55:07.794234 open("/etc/instanceInfo", O_RDONLY) = -1 ENOENT (No such file or directory)
15244 11:55:09.705985 open("/proc/loadavg", O_RDONLY) = 3296
25314 11:55:17.793784 open("/home/admin/.spas_key/default", O_RDONLY) = -1 ENOENT (No such file or directory)
25314 11:55:17.794073 open("/etc/instanceInfo", O_RDONLY) = -1 ENOENT (No such file or directory)
25314 11:55:27.793668 open("/home/admin/.spas_key/default", O_RDONLY) = -1 ENOENT (No such file or directory)
25314 11:55:27.793982 open("/etc/instanceInfo", O_RDONLY) = -1 ENOENT (No such file or directory)
13845 11:55:29.732466 open("/proc/loadavg", O_RDONLY) = 3094
25354 11:55:30.104962 open("/etc/hosts", O_RDONLY|O_CLOEXEC) = 3094
26977 11:55:30.350891 --- SIGSEGV {si_signo=SIGSEGV, si_code=SEGV_ACCERR, si_addr=0x7f1a8d132f00} ---
4699  11:55:31.111559 +++ exited with 0 +++
25428 11:55:32.804405 open("/etc/hosts", O_RDONLY|O_CLOEXEC) = 3279
14566 11:55:34.519204 +++ exited with 0 +++
7277  11:55:36.144370 +++ exited with 0 +++
25314 11:55:37.793560 open("/home/admin/.spas_key/default", O_RDONLY) = -1 ENOENT (No such file or directory)
25314 11:55:37.793852 open("/etc/instanceInfo", O_RDONLY) = -1 ENOENT (No such file or directory)
15011 11:55:41.086509 +++ exited with 0 +++
12512 11:55:42.632770 open("/proc/loadavg", O_RDONLY) = 3306
25314 11:55:47.793393 open("/home/admin/.spas_key/default", O_RDONLY) = -1 ENOENT (No such file or directory)
25314 11:55:47.793681 open("/etc/instanceInfo", O_RDONLY) = -1 ENOENT (No such file or directory)
27603 11:55:53.119075 --- SIGSEGV {si_signo=SIGSEGV, si_code=SEGV_ACCERR, si_addr=0x7f1a8d132a00} ---
25314 11:55:57.794219 open("/home/admin/.spas_key/default", O_RDONLY) = -1 ENOENT (No such file or directory)
25314 11:55:57.794502 open("/etc/instanceInfo", O_RDONLY) = -1 ENOENT (No such file or directory)
25341 11:56:00.413403 open("/etc/hosts", O_RDONLY|O_CLOEXEC) = 2994
15884 11:56:01.204496 open("/proc/self/stat", O_RDONLY) = 3135
15884 11:56:01.205485 open("/proc/stat", O_RDONLY) = 3135
16139 11:56:01.222063 +++ exited with 0 +++
14141 11:56:02.648731 open("/proc/loadavg", O_RDONLY) = 3135
25428 11:56:02.887542 open("/etc/hosts", O_RDONLY|O_CLOEXEC) = 3288
15559 11:56:06.176392 +++ exited with 0 +++
25314 11:56:07.795033 open("/home/admin/.spas_key/default", O_RDONLY) = -1 ENOENT (No such file or directory)
25314 11:56:07.795341 open("/etc/instanceInfo", O_RDONLY) = -1 ENOENT (No such file or directory)
25314 11:56:17.794863 open("/home/admin/.spas_key/default", O_RDONLY) = -1 ENOENT (No such file or directory)
25314 11:56:17.795173 open("/etc/instanceInfo", O_RDONLY) = -1 ENOENT (No such file or directory)
15042 11:56:22.659891 open("/proc/loadavg", O_RDONLY) = 3065
25314 11:56:27.794699 open("/home/admin/.spas_key/default", O_RDONLY) = -1 ENOENT (No such file or directory)
25314 11:56:27.794980 open("/etc/instanceInfo", O_RDONLY) = -1 ENOENT (No such file or directory)
25341 11:56:30.450211 open("/etc/hosts", O_RDONLY|O_CLOEXEC) = 2467
25428 11:56:32.986865 open("/etc/hosts", O_RDONLY|O_CLOEXEC) = 3288
25314 11:56:37.794526 open("/home/admin/.spas_key/default", O_RDONLY) = -1 ENOENT (No such file or directory)
25314 11:56:37.794765 open("/etc/instanceInfo", O_RDONLY) = -1 ENOENT (No such file or directory)
12532 11:56:39.702364 open("/proc/loadavg", O_RDONLY) = 3279
14356 11:56:40.160825 +++ exited with 0 +++
16187 11:56:44.285215 --- SIGSEGV {si_signo=SIGSEGV, si_code=SEGV_ACCERR, si_addr=0x7f1a8d132b80} ---
12743 11:56:44.339155 +++ exited with 0 +++
16187 11:56:44.362587 open("/etc/hosts", O_RDONLY|O_CLOEXEC) = 3314
25314 11:56:47.796821 open("/home/admin/.spas_key/default", O_RDONLY) = -1 ENOENT (No such file or directory)
25314 11:56:47.797235 open("/etc/instanceInfo", O_RDONLY) = -1 ENOENT (No such file or directory)
16187 11:56:49.376449 +++ exited with 0 +++
25314 11:56:57.796814 open("/home/admin/.spas_key/default", O_RDONLY) = -1 ENOENT (No such file or directory)
25314 11:56:57.797053 open("/etc/instanceInfo", O_RDONLY) = -1 ENOENT (No such file or directory)
15919 11:56:58.783629 --- SIGSEGV {si_signo=SIGSEGV, si_code=SEGV_ACCERR, si_addr=0x7f1a8d132200} ---
16080 11:57:01.223995 open("/proc/self/stat", O_RDONLY) = 3281
16080 11:57:01.225540 open("/proc/stat", O_RDONLY) = 3281
16203 11:57:01.237892 +++ exited with 0 +++
14899 11:57:01.396555 +++ exited with 0 +++
15081 11:57:02.449081 open("/proc/loadavg", O_RDONLY) = 3281
25441 11:57:03.078812 --- SIGSEGV {si_signo=SIGSEGV, si_code=SEGV_ACCERR, si_addr=0x7f1a8d132100} ---
25428 11:57:03.094647 open("/etc/hosts", O_RDONLY|O_CLOEXEC) = 3293
25313 11:57:05.129864 open("/etc/hosts", O_RDONLY|O_CLOEXEC) = 3315
15884 11:57:07.193656 +++ exited with 0 +++
25314 11:57:07.796572 open("/home/admin/.spas_key/default", O_RDONLY) = -1 ENOENT (No such file or directory)
25314 11:57:07.796863 open("/etc/instanceInfo", O_RDONLY) = -1 ENOENT (No such file or directory)
27605 11:57:11.595270 --- SIGSEGV {si_signo=SIGSEGV, si_code=SEGV_ACCERR, si_addr=0x7f1a8d132480} ---
27605 11:57:11.623246 --- SIGSEGV {si_signo=SIGSEGV, si_code=SEGV_ACCERR, si_addr=0x7f1a8d132480} ---
27605 11:57:11.652785 --- SIGSEGV {si_signo=SIGSEGV, si_code=SEGV_ACCERR, si_addr=0x7f1a8d132480} ---
25314 11:57:17.796450 open("/home/admin/.spas_key/default", O_RDONLY) = -1 ENOENT (No such file or directory)
25314 11:57:17.796736 open("/etc/instanceInfo", O_RDONLY) = -1 ENOENT (No such file or directory)
25314 11:57:27.797278 open("/home/admin/.spas_key/default", O_RDONLY) = -1 ENOENT (No such file or directory)
25314 11:57:27.797530 open("/etc/instanceInfo", O_RDONLY) = -1 ENOENT (No such file or directory)
25428 11:57:33.193171 open("/etc/hosts", O_RDONLY|O_CLOEXEC) = 3281
25313 11:57:35.465906 open("/etc/hosts", O_RDONLY|O_CLOEXEC) = 3113
25314 11:57:37.798045 open("/home/admin/.spas_key/default", O_RDONLY) = -1 ENOENT (No such file or directory)
25314 11:57:37.798476 open("/etc/instanceInfo", O_RDONLY) = -1 ENOENT (No such file or directory)
14441 11:57:40.894003 open("/proc/loadavg", O_RDONLY) = 3309
25314 11:57:47.798064 open("/home/admin/.spas_key/default", O_RDONLY) = -1 ENOENT (No such file or directory)
25314 11:57:47.798374 open("/etc/instanceInfo", O_RDONLY) = -1 ENOENT (No such file or directory)
14451 11:57:50.921247 open("/proc/loadavg", O_RDONLY) = 3279
25314 11:57:57.797876 open("/home/admin/.spas_key/default", O_RDONLY) = -1 ENOENT (No such file or directory)
25314 11:57:57.798297 open("/etc/instanceInfo", O_RDONLY) = -1 ENOENT (No such file or directory)
16144 11:58:01.243962 open("/proc/self/stat", O_RDONLY) = 3280
16144 11:58:01.245049 open("/proc/stat", O_RDONLY) = 3280
16268 11:58:01.268183 +++ exited with 0 +++
13271 11:58:02.340819 open("/proc/loadavg", O_RDONLY) = 3280
25428 11:58:03.287241 open("/etc/hosts", O_RDONLY|O_CLOEXEC) = 3293
25341 11:58:05.921373 open("/etc/hosts", O_RDONLY|O_CLOEXEC) = 3279
25314 11:58:07.797964 open("/home/admin/.spas_key/default", O_RDONLY) = -1 ENOENT (No such file or directory)
25314 11:58:07.798881 open("/etc/instanceInfo", O_RDONLY) = -1 ENOENT (No such file or directory)
25443 11:58:11.009828 --- SIGSEGV {si_signo=SIGSEGV, si_code=SEGV_ACCERR, si_addr=0x7f1a8d132600} ---
14720 11:58:12.392828 open("/proc/loadavg", O_RDONLY) = 3279
25314 11:58:17.798403 open("/home/admin/.spas_key/default", O_RDONLY) = -1 ENOENT (No such file or directory)
25314 11:58:17.798951 open("/etc/instanceInfo", O_RDONLY) = -1 ENOENT (No such file or directory)
25314 11:58:27.798541 open("/home/admin/.spas_key/default", O_RDONLY) = -1 ENOENT (No such file or directory)
25314 11:58:27.798822 open("/etc/instanceInfo", O_RDONLY) = -1 ENOENT (No such file or directory)
15470 11:58:29.702245 open("/proc/loadavg", O_RDONLY) = 3282
25428 11:58:33.381231 open("/etc/hosts", O_RDONLY|O_CLOEXEC) = 3288
25314 11:58:37.799465 open("/home/admin/.spas_key/default", O_RDONLY) = -1 ENOENT (No such file or directory)
25314 11:58:37.799823 open("/etc/instanceInfo", O_RDONLY) = -1 ENOENT (No such file or directory)
25354 11:58:37.935595 open("/etc/hosts", O_RDONLY|O_CLOEXEC) = 3308
15472 11:58:39.729294 open("/proc/loadavg", O_RDONLY) = 2994
25313 11:58:45.520416 --- SIGSEGV {si_signo=SIGSEGV, si_code=SEGV_ACCERR, si_addr=0x7f1a8d132f00} ---
25314 11:58:47.799502 open("/home/admin/.spas_key/default", O_RDONLY) = -1 ENOENT (No such file or directory)
25314 11:58:47.799796 open("/etc/instanceInfo", O_RDONLY) = -1 ENOENT (No such file or directory)
16039 11:58:51.274073 +++ exited with 0 +++
25314 11:58:57.800999 open("/home/admin/.spas_key/default", O_RDONLY) = -1 ENOENT (No such file or directory)
25314 11:58:57.801384 open("/etc/instanceInfo", O_RDONLY) = -1 ENOENT (No such file or directory)
16045 11:58:57.993952 --- SIGSEGV {si_signo=SIGSEGV, si_code=SEGV_ACCERR, si_addr=0x7f1a8d132b80} ---
16045 11:58:58.303364 +++ exited with 0 +++
11195 11:58:59.703434 open("/proc/loadavg", O_RDONLY) = 3293
16080 11:59:01.274368 open("/proc/self/stat", O_RDONLY) = 3296
16080 11:59:01.275370 open("/proc/stat", O_RDONLY) = 3296
16332 11:59:01.283967 +++ exited with 0 +++
25428 11:59:03.467566 open("/etc/hosts", O_RDONLY|O_CLOEXEC) = 3301
25314 11:59:07.801007 open("/home/admin/.spas_key/default", O_RDONLY) = -1 ENOENT (No such file or directory)
25314 11:59:07.801325 open("/etc/instanceInfo", O_RDONLY) = -1 ENOENT (No such file or directory)
25341 11:59:07.942754 open("/etc/hosts", O_RDONLY|O_CLOEXEC) = 3317
14977 11:59:09.738941 open("/proc/loadavg", O_RDONLY) = 3098
16120 11:59:14.719168 +++ exited with 0 +++
25314 11:59:17.800787 open("/home/admin/.spas_key/default", O_RDONLY) = -1 ENOENT (No such file or directory)
25314 11:59:17.801148 open("/etc/instanceInfo", O_RDONLY) = -1 ENOENT (No such file or directory)
15526 11:59:20.047927 open("/proc/loadavg", O_RDONLY) = 3094
25314 11:59:27.800568 open("/home/admin/.spas_key/default", O_RDONLY) = -1 ENOENT (No such file or directory)
25314 11:59:27.800816 open("/etc/instanceInfo", O_RDONLY) = -1 ENOENT (No such file or directory)
25361 11:59:27.841878 --- SIGSEGV {si_signo=SIGSEGV, si_code=SEGV_ACCERR, si_addr=0x7f1a8d132100} ---
15538 11:59:27.847973 --- SIGSEGV {si_signo=SIGSEGV, si_code=SEGV_ACCERR, si_addr=0x7f1a8d132280} ---
25349 11:59:27.848123 --- SIGSEGV {si_signo=SIGSEGV, si_code=SEGV_ACCERR, si_addr=0x7f1a8d132680} ---
25337 11:59:27.848266 --- SIGSEGV {si_signo=SIGSEGV, si_code=SEGV_ACCERR, si_addr=0x7f1a8d132480} ---
25316 11:59:27.848281 --- SIGSEGV {si_signo=SIGSEGV, si_code=SEGV_ACCERR, si_addr=0x7f1a8d132580} ---
25316 11:59:27.862639 --- SIGSEGV {si_signo=SIGSEGV, si_code=SEGV_ACCERR, si_addr=0x7f1a8d132580} ---
25337 11:59:27.872854 --- SIGSEGV {si_signo=SIGSEGV, si_code=SEGV_ACCERR, si_addr=0x7f1a8d132480} ---
25361 11:59:27.877069 --- SIGSEGV {si_signo=SIGSEGV, si_code=SEGV_ACCERR, si_addr=0x7f1a8d132100} ---
25337 11:59:27.884550 --- SIGSEGV {si_signo=SIGSEGV, si_code=SEGV_ACCERR, si_addr=0x7f1a8d132480} ---
25337 11:59:27.888865 --- SIGSEGV {si_signo=SIGSEGV, si_code=SEGV_ACCERR, si_addr=0x7f1a8d132480} ---
25316 11:59:27.888995 --- SIGSEGV {si_signo=SIGSEGV, si_code=SEGV_ACCERR, si_addr=0x7f1a8d132580} ---
25316 11:59:27.900711 --- SIGSEGV {si_signo=SIGSEGV, si_code=SEGV_ACCERR, si_addr=0x7f1a8d132580} ---
15819 11:59:30.076143 open("/proc/loadavg", O_RDONLY) = 3065
15538 11:59:30.297813 +++ exited with 0 +++
25428 11:59:33.556609 open("/etc/hosts", O_RDONLY|O_CLOEXEC) = 3106
25314 11:59:37.801327 open("/home/admin/.spas_key/default", O_RDONLY) = -1 ENOENT (No such file or directory)
25314 11:59:37.801636 open("/etc/instanceInfo", O_RDONLY) = -1 ENOENT (No such file or directory)
25349 11:59:37.954386 open("/etc/hosts", O_RDONLY|O_CLOEXEC) = 3306
11685 11:59:40.554386 +++ exited with 0 +++
25314 11:59:47.802193 open("/home/admin/.spas_key/default", O_RDONLY) = -1 ENOENT (No such file or directory)
25314 11:59:47.802474 open("/etc/instanceInfo", O_RDONLY) = -1 ENOENT (No such file or directory)
13845 11:59:49.702821 open("/proc/loadavg", O_RDONLY) = 3282
25443 11:59:53.120941 --- SIGSEGV {si_signo=SIGSEGV, si_code=SEGV_ACCERR, si_addr=0x7f1a8d132600} ---
26977 11:59:53.121256 --- SIGSEGV {si_signo=SIGSEGV, si_code=SEGV_ACCERR, si_addr=0x7f1a8d132f00} ---
25314 11:59:57.804338 open("/home/admin/.spas_key/default", O_RDONLY) = -1 ENOENT (No such file or directory)
25314 11:59:57.804632 open("/etc/instanceInfo", O_RDONLY) = -1 ENOENT (No such file or directory)
16144 12:00:01.286627 open("/proc/self/stat", O_RDONLY) = 3106
16144 12:00:01.287620 open("/proc/stat", O_RDONLY) = 3106
16397 12:00:01.302148 +++ exited with 0 +++
13192 12:00:02.564393 open("/proc/loadavg", O_RDONLY) = 3106
25428 12:00:03.635723 open("/etc/hosts", O_RDONLY|O_CLOEXEC) = 3293
13596 12:00:06.493788 +++ exited with 0 +++
25314 12:00:07.805278 open("/home/admin/.spas_key/default", O_RDONLY) = -1 ENOENT (No such file or directory)
25314 12:00:07.805567 open("/etc/instanceInfo", O_RDONLY) = -1 ENOENT (No such file or directory)
25361 12:00:07.972144 open("/etc/hosts", O_RDONLY|O_CLOEXEC) = 3311
25314 12:00:17.805414 open("/home/admin/.spas_key/default", O_RDONLY) = -1 ENOENT (No such file or directory)
25314 12:00:17.805664 open("/etc/instanceInfo", O_RDONLY) = -1 ENOENT (No such file or directory)
13181 12:00:21.584885 open("/proc/loadavg", O_RDONLY) = 3279
14836 12:00:27.160262 +++ exited with 0 +++
25314 12:00:27.806251 open("/home/admin/.spas_key/default", O_RDONLY) = -1 ENOENT (No such file or directory)
25314 12:00:27.806627 open("/etc/instanceInfo", O_RDONLY) = -1 ENOENT (No such file or directory)
25316 12:00:27.972789 --- SIGSEGV {si_signo=SIGSEGV, si_code=SEGV_ACCERR, si_addr=0x7f1a8d132580} ---
25337 12:00:27.973065 --- SIGSEGV {si_signo=SIGSEGV, si_code=SEGV_ACCERR, si_addr=0x7f1a8d132480} ---
25361 12:00:27.973168 --- SIGSEGV {si_signo=SIGSEGV, si_code=SEGV_ACCERR, si_addr=0x7f1a8d132100} ---
25349 12:00:27.973357 --- SIGSEGV {si_signo=SIGSEGV, si_code=SEGV_ACCERR, si_addr=0x7f1a8d132680} ---
25341 12:00:28.006794 --- SIGSEGV {si_signo=SIGSEGV, si_code=SEGV_ACCERR, si_addr=0x7f1a8d132680} ---
25349 12:00:28.014550 --- SIGSEGV {si_signo=SIGSEGV, si_code=SEGV_ACCERR, si_addr=0x7f1a8d132680} ---
25337 12:00:28.028931 --- SIGSEGV {si_signo=SIGSEGV, si_code=SEGV_ACCERR, si_addr=0x7f1a8d132480} ---
25316 12:00:28.029086 --- SIGSEGV {si_signo=SIGSEGV, si_code=SEGV_ACCERR, si_addr=0x7f1a8d132580} ---
25349 12:00:28.036179 --- SIGSEGV {si_signo=SIGSEGV, si_code=SEGV_ACCERR, si_addr=0x7f1a8d132680} ---
25316 12:00:28.040666 --- SIGSEGV {si_signo=SIGSEGV, si_code=SEGV_ACCERR, si_addr=0x7f1a8d132580} ---
25316 12:00:28.059999 --- SIGSEGV {si_signo=SIGSEGV, si_code=SEGV_ACCERR, si_addr=0x7f1a8d132580} ---
27603 12:00:32.945584 --- SIGSEGV {si_signo=SIGSEGV, si_code=SEGV_ACCERR, si_addr=0x7f1a8d132a00} ---
25428 12:00:33.730891 open("/etc/hosts", O_RDONLY|O_CLOEXEC) = 3094
25314 12:00:37.806580 open("/home/admin/.spas_key/default", O_RDONLY) = -1 ENOENT (No such file or directory)
25314 12:00:37.806907 open("/etc/instanceInfo", O_RDONLY) = -1 ENOENT (No such file or directory)
25347 12:00:38.007742 open("/etc/hosts", O_RDONLY|O_CLOEXEC) = 3306
15045 12:00:39.703504 open("/proc/loadavg", O_RDONLY) = 2129
13396 12:00:43.343154 +++ exited with 0 +++
25314 12:00:47.807659 open("/home/admin/.spas_key/default", O_RDONLY) = -1 ENOENT (No such file or directory)
25314 12:00:47.807998 open("/etc/instanceInfo", O_RDONLY) = -1 ENOENT (No such file or directory)
11751 12:00:51.423931 open("/proc/loadavg", O_RDONLY) = 3279
25314 12:00:57.807877 open("/home/admin/.spas_key/default", O_RDONLY) = -1 ENOENT (No such file or directory)
25314 12:00:57.808236 open("/etc/instanceInfo", O_RDONLY) = -1 ENOENT (No such file or directory)
25441 12:01:00.304984 --- SIGSEGV {si_signo=SIGSEGV, si_code=SEGV_ACCERR, si_addr=0x7f1a8d132100} ---
16080 12:01:01.320592 open("/proc/self/stat", O_RDONLY) = 3293
16080 12:01:01.321583 open("/proc/stat", O_RDONLY) = 3293
16465 12:01:01.326319 +++ exited with 0 +++
25428 12:01:03.812886 open("/etc/hosts", O_RDONLY|O_CLOEXEC) = 3299
25314 12:01:07.807814 open("/home/admin/.spas_key/default", O_RDONLY) = -1 ENOENT (No such file or directory)
25314 12:01:07.808114 open("/etc/instanceInfo", O_RDONLY) = -1 ENOENT (No such file or directory)
25316 12:01:08.024736 open("/etc/hosts", O_RDONLY|O_CLOEXEC) = 2129
14645 12:01:09.704674 open("/proc/loadavg", O_RDONLY) = 3292
25314 12:01:17.807704 open("/home/admin/.spas_key/default", O_RDONLY) = -1 ENOENT (No such file or directory)
25314 12:01:17.808007 open("/etc/instanceInfo", O_RDONLY) = -1 ENOENT (No such file or directory)
13441 12:01:20.851315 open("/proc/loadavg", O_RDONLY) = 3065
25314 12:01:27.807649 open("/home/admin/.spas_key/default", O_RDONLY) = -1 ENOENT (No such file or directory)
